Archive member included to satisfy reference by file (symbol)

c:/st/stm32cubeide_1.10.1/stm32cubeide/plugins/com.st.stm32cube.ide.mcu.externaltools.gnu-tools-for-stm32.10.3-2021.10.win32_1.0.0.202111181127/tools/bin/../lib/gcc/arm-none-eabi/10.3.1/../../../../arm-none-eabi/lib/thumb/v7e-m+fp/hard\libc_nano.a(lib_a-errno.o)
                              ./Core/Src/syscalls.o (__errno)
c:/st/stm32cubeide_1.10.1/stm32cubeide/plugins/com.st.stm32cube.ide.mcu.externaltools.gnu-tools-for-stm32.10.3-2021.10.win32_1.0.0.202111181127/tools/bin/../lib/gcc/arm-none-eabi/10.3.1/../../../../arm-none-eabi/lib/thumb/v7e-m+fp/hard\libc_nano.a(lib_a-exit.o)
                              c:/st/stm32cubeide_1.10.1/stm32cubeide/plugins/com.st.stm32cube.ide.mcu.externaltools.gnu-tools-for-stm32.10.3-2021.10.win32_1.0.0.202111181127/tools/bin/../lib/gcc/arm-none-eabi/10.3.1/../../../../arm-none-eabi/lib/thumb/v7e-m+fp/hard/crt0.o (exit)
c:/st/stm32cubeide_1.10.1/stm32cubeide/plugins/com.st.stm32cube.ide.mcu.externaltools.gnu-tools-for-stm32.10.3-2021.10.win32_1.0.0.202111181127/tools/bin/../lib/gcc/arm-none-eabi/10.3.1/../../../../arm-none-eabi/lib/thumb/v7e-m+fp/hard\libc_nano.a(lib_a-impure.o)
                              c:/st/stm32cubeide_1.10.1/stm32cubeide/plugins/com.st.stm32cube.ide.mcu.externaltools.gnu-tools-for-stm32.10.3-2021.10.win32_1.0.0.202111181127/tools/bin/../lib/gcc/arm-none-eabi/10.3.1/../../../../arm-none-eabi/lib/thumb/v7e-m+fp/hard\libc_nano.a(lib_a-exit.o) (_global_impure_ptr)
c:/st/stm32cubeide_1.10.1/stm32cubeide/plugins/com.st.stm32cube.ide.mcu.externaltools.gnu-tools-for-stm32.10.3-2021.10.win32_1.0.0.202111181127/tools/bin/../lib/gcc/arm-none-eabi/10.3.1/../../../../arm-none-eabi/lib/thumb/v7e-m+fp/hard\libc_nano.a(lib_a-init.o)
                              c:/st/stm32cubeide_1.10.1/stm32cubeide/plugins/com.st.stm32cube.ide.mcu.externaltools.gnu-tools-for-stm32.10.3-2021.10.win32_1.0.0.202111181127/tools/bin/../lib/gcc/arm-none-eabi/10.3.1/../../../../arm-none-eabi/lib/thumb/v7e-m+fp/hard/crt0.o (__libc_init_array)
c:/st/stm32cubeide_1.10.1/stm32cubeide/plugins/com.st.stm32cube.ide.mcu.externaltools.gnu-tools-for-stm32.10.3-2021.10.win32_1.0.0.202111181127/tools/bin/../lib/gcc/arm-none-eabi/10.3.1/../../../../arm-none-eabi/lib/thumb/v7e-m+fp/hard\libc_nano.a(lib_a-memset.o)
                              c:/st/stm32cubeide_1.10.1/stm32cubeide/plugins/com.st.stm32cube.ide.mcu.externaltools.gnu-tools-for-stm32.10.3-2021.10.win32_1.0.0.202111181127/tools/bin/../lib/gcc/arm-none-eabi/10.3.1/../../../../arm-none-eabi/lib/thumb/v7e-m+fp/hard/crt0.o (memset)
c:/st/stm32cubeide_1.10.1/stm32cubeide/plugins/com.st.stm32cube.ide.mcu.externaltools.gnu-tools-for-stm32.10.3-2021.10.win32_1.0.0.202111181127/tools/bin/../lib/gcc/arm-none-eabi/10.3.1/thumb/v7e-m+fp/hard\libgcc.a(_arm_muldf3.o)
                              ./Core/Src/processing.o (__aeabi_dmul)
c:/st/stm32cubeide_1.10.1/stm32cubeide/plugins/com.st.stm32cube.ide.mcu.externaltools.gnu-tools-for-stm32.10.3-2021.10.win32_1.0.0.202111181127/tools/bin/../lib/gcc/arm-none-eabi/10.3.1/thumb/v7e-m+fp/hard\libgcc.a(_arm_addsubdf3.o)
                              ./Core/Src/processing.o (__aeabi_i2d)
c:/st/stm32cubeide_1.10.1/stm32cubeide/plugins/com.st.stm32cube.ide.mcu.externaltools.gnu-tools-for-stm32.10.3-2021.10.win32_1.0.0.202111181127/tools/bin/../lib/gcc/arm-none-eabi/10.3.1/thumb/v7e-m+fp/hard\libgcc.a(_arm_muldivdf3.o)
                              ./Core/Src/processing.o (__aeabi_ddiv)
c:/st/stm32cubeide_1.10.1/stm32cubeide/plugins/com.st.stm32cube.ide.mcu.externaltools.gnu-tools-for-stm32.10.3-2021.10.win32_1.0.0.202111181127/tools/bin/../lib/gcc/arm-none-eabi/10.3.1/thumb/v7e-m+fp/hard\libgcc.a(_arm_fixdfsi.o)
                              ./Core/Src/processing.o (__aeabi_d2iz)
c:/st/stm32cubeide_1.10.1/stm32cubeide/plugins/com.st.stm32cube.ide.mcu.externaltools.gnu-tools-for-stm32.10.3-2021.10.win32_1.0.0.202111181127/tools/bin/../lib/gcc/arm-none-eabi/10.3.1/thumb/v7e-m+fp/hard\libgcc.a(_aeabi_ldivmod.o)
                              ./Drivers/STM32F4xx_HAL_Driver/Src/stm32f4xx_hal_rcc.o (__aeabi_ldivmod)
c:/st/stm32cubeide_1.10.1/stm32cubeide/plugins/com.st.stm32cube.ide.mcu.externaltools.gnu-tools-for-stm32.10.3-2021.10.win32_1.0.0.202111181127/tools/bin/../lib/gcc/arm-none-eabi/10.3.1/thumb/v7e-m+fp/hard\libgcc.a(_aeabi_uldivmod.o)
                              ./Drivers/STM32F4xx_HAL_Driver/Src/stm32f4xx_hal_rcc.o (__aeabi_uldivmod)
c:/st/stm32cubeide_1.10.1/stm32cubeide/plugins/com.st.stm32cube.ide.mcu.externaltools.gnu-tools-for-stm32.10.3-2021.10.win32_1.0.0.202111181127/tools/bin/../lib/gcc/arm-none-eabi/10.3.1/thumb/v7e-m+fp/hard\libgcc.a(_udivmoddi4.o)
                              c:/st/stm32cubeide_1.10.1/stm32cubeide/plugins/com.st.stm32cube.ide.mcu.externaltools.gnu-tools-for-stm32.10.3-2021.10.win32_1.0.0.202111181127/tools/bin/../lib/gcc/arm-none-eabi/10.3.1/thumb/v7e-m+fp/hard\libgcc.a(_aeabi_ldivmod.o) (__udivmoddi4)
[...]
Memory Configuration

Name             Origin             Length             Attributes
RAM              0x0000000020000000 0x0000000000020000 xrw
FLASH            0x0000000008000000 0x0000000000080000 xr
*default*        0x0000000000000000 0xffffffffffffffff

Linker script and memory map

LOAD c:/st/stm32cubeide_1.10.1/stm32cubeide/plugins/com.st.stm32cube.ide.mcu.externaltools.gnu-tools-for-stm32.10.3-2021.10.win32_1.0.0.202111181127/tools/bin/../lib/gcc/arm-none-eabi/10.3.1/thumb/v7e-m+fp/hard/crti.o
LOAD c:/st/stm32cubeide_1.10.1/stm32cubeide/plugins/com.st.stm32cube.ide.mcu.externaltools.gnu-tools-for-stm32.10.3-2021.10.win32_1.0.0.202111181127/tools/bin/../lib/gcc/arm-none-eabi/10.3.1/thumb/v7e-m+fp/hard/crtbegin.o
LOAD c:/st/stm32cubeide_1.10.1/stm32cubeide/plugins/com.st.stm32cube.ide.mcu.externaltools.gnu-tools-for-stm32.10.3-2021.10.win32_1.0.0.202111181127/tools/bin/../lib/gcc/arm-none-eabi/10.3.1/../../../../arm-none-eabi/lib/thumb/v7e-m+fp/hard/crt0.o
LOAD ./Core/Src/main.o
LOAD ./Core/Src/processing.o
LOAD ./Core/Src/stm32f4xx_hal_msp.o
LOAD ./Core/Src/stm32f4xx_it.o
LOAD ./Core/Src/syscalls.o
LOAD ./Core/Src/sysmem.o
LOAD ./Core/Src/system_stm32f4xx.o
LOAD ./Core/Startup/startup_stm32f411vetx.o
LOAD ./Drivers/STM32F4xx_HAL_Driver/Src/stm32f4xx_hal.o
LOAD ./Drivers/STM32F4xx_HAL_Driver/Src/stm32f4xx_hal_adc.o
LOAD ./Drivers/STM32F4xx_HAL_Driver/Src/stm32f4xx_hal_adc_ex.o
LOAD ./Drivers/STM32F4xx_HAL_Driver/Src/stm32f4xx_hal_cortex.o
LOAD ./Drivers/STM32F4xx_HAL_Driver/Src/stm32f4xx_hal_dma.o
LOAD ./Drivers/STM32F4xx_HAL_Driver/Src/stm32f4xx_hal_dma_ex.o
LOAD ./Drivers/STM32F4xx_HAL_Driver/Src/stm32f4xx_hal_exti.o
LOAD ./Drivers/STM32F4xx_HAL_Driver/Src/stm32f4xx_hal_flash.o
LOAD ./Drivers/STM32F4xx_HAL_Driver/Src/stm32f4xx_hal_flash_ex.o
LOAD ./Drivers/STM32F4xx_HAL_Driver/Src/stm32f4xx_hal_flash_ramfunc.o
LOAD ./Drivers/STM32F4xx_HAL_Driver/Src/stm32f4xx_hal_gpio.o
LOAD ./Drivers/STM32F4xx_HAL_Driver/Src/stm32f4xx_hal_pwr.o
LOAD ./Drivers/STM32F4xx_HAL_Driver/Src/stm32f4xx_hal_pwr_ex.o
LOAD ./Drivers/STM32F4xx_HAL_Driver/Src/stm32f4xx_hal_rcc.o
LOAD ./Drivers/STM32F4xx_HAL_Driver/Src/stm32f4xx_hal_rcc_ex.o
LOAD ./Drivers/STM32F4xx_HAL_Driver/Src/stm32f4xx_hal_spi.o
LOAD ./Drivers/STM32F4xx_HAL_Driver/Src/stm32f4xx_hal_tim.o
LOAD ./Drivers/STM32F4xx_HAL_Driver/Src/stm32f4xx_hal_tim_ex.o
LOAD ./Drivers/STM32F4xx_HAL_Driver/Src/stm32f4xx_ll_adc.o
LOAD ../Middlewares/ST/ARM/DSP/Lib\libarm_cortexM4lf_math.a
START GROUP
LOAD c:/st/stm32cubeide_1.10.1/stm32cubeide/plugins/com.st.stm32cube.ide.mcu.externaltools.gnu-tools-for-stm32.10.3-2021.10.win32_1.0.0.202111181127/tools/bin/../lib/gcc/arm-none-eabi/10.3.1/../../../../arm-none-eabi/lib/thumb/v7e-m+fp/hard\libc_nano.a
LOAD c:/st/stm32cubeide_1.10.1/stm32cubeide/plugins/com.st.stm32cube.ide.mcu.externaltools.gnu-tools-for-stm32.10.3-2021.10.win32_1.0.0.202111181127/tools/bin/../lib/gcc/arm-none-eabi/10.3.1/../../../../arm-none-eabi/lib/thumb/v7e-m+fp/hard\libm.a
END GROUP
START GROUP
LOAD c:/st/stm32cubeide_1.10.1/stm32cubeide/plugins/com.st.stm32cube.ide.mcu.externaltools.gnu-tools-for-stm32.10.3-2021.10.win32_1.0.0.202111181127/tools/bin/../lib/gcc/arm-none-eabi/10.3.1/thumb/v7e-m+fp/hard\libgcc.a
LOAD c:/st/stm32cubeide_1.10.1/stm32cubeide/plugins/com.st.stm32cube.ide.mcu.externaltools.gnu-tools-for-stm32.10.3-2021.10.win32_1.0.0.202111181127/tools/bin/../lib/gcc/arm-none-eabi/10.3.1/../../../../arm-none-eabi/lib/thumb/v7e-m+fp/hard\libc_nano.a
END GROUP
START GROUP
LOAD c:/st/stm32cubeide_1.10.1/stm32cubeide/plugins/com.st.stm32cube.ide.mcu.externaltools.gnu-tools-for-stm32.10.3-2021.10.win32_1.0.0.202111181127/tools/bin/../lib/gcc/arm-none-eabi/10.3.1/thumb/v7e-m+fp/hard\libgcc.a
LOAD c:/st/stm32cubeide_1.10.1/stm32cubeide/plugins/com.st.stm32cube.ide.mcu.externaltools.gnu-tools-for-stm32.10.3-2021.10.win32_1.0.0.202111181127/tools/bin/../lib/gcc/arm-none-eabi/10.3.1/../../../../arm-none-eabi/lib/thumb/v7e-m+fp/hard\libc_nano.a
LOAD c:/st/stm32cubeide_1.10.1/stm32cubeide/plugins/com.st.stm32cube.ide.mcu.externaltools.gnu-tools-for-stm32.10.3-2021.10.win32_1.0.0.202111181127/tools/bin/../lib/gcc/arm-none-eabi/10.3.1/../../../../arm-none-eabi/lib/thumb/v7e-m+fp/hard\libnosys.a
END GROUP
START GROUP
LOAD c:/st/stm32cubeide_1.10.1/stm32cubeide/plugins/com.st.stm32cube.ide.mcu.externaltools.gnu-tools-for-stm32.10.3-2021.10.win32_1.0.0.202111181127/tools/bin/../lib/gcc/arm-none-eabi/10.3.1/thumb/v7e-m+fp/hard\libgcc.a
LOAD c:/st/stm32cubeide_1.10.1/stm32cubeide/plugins/com.st.stm32cube.ide.mcu.externaltools.gnu-tools-for-stm32.10.3-2021.10.win32_1.0.0.202111181127/tools/bin/../lib/gcc/arm-none-eabi/10.3.1/../../../../arm-none-eabi/lib/thumb/v7e-m+fp/hard\libc_nano.a
LOAD c:/st/stm32cubeide_1.10.1/stm32cubeide/plugins/com.st.stm32cube.ide.mcu.externaltools.gnu-tools-for-stm32.10.3-2021.10.win32_1.0.0.202111181127/tools/bin/../lib/gcc/arm-none-eabi/10.3.1/../../../../arm-none-eabi/lib/thumb/v7e-m+fp/hard\libnosys.a
END GROUP
LOAD c:/st/stm32cubeide_1.10.1/stm32cubeide/plugins/com.st.stm32cube.ide.mcu.externaltools.gnu-tools-for-stm32.10.3-2021.10.win32_1.0.0.202111181127/tools/bin/../lib/gcc/arm-none-eabi/10.3.1/thumb/v7e-m+fp/hard/crtend.o
LOAD c:/st/stm32cubeide_1.10.1/stm32cubeide/plugins/com.st.stm32cube.ide.mcu.externaltools.gnu-tools-for-stm32.10.3-2021.10.win32_1.0.0.202111181127/tools/bin/../lib/gcc/arm-none-eabi/10.3.1/thumb/v7e-m+fp/hard/crtn.o
                0x0000000020020000                _estack = (ORIGIN (RAM) + LENGTH (RAM))
                0x0000000000000200                _Min_Heap_Size = 0x200
                0x0000000000000400                _Min_Stack_Size = 0x400

.isr_vector     0x0000000008000000      0x198
                0x0000000008000000                . = ALIGN (0x4)
 *(.isr_vector)
 .isr_vector    0x0000000008000000      0x198 ./Core/Startup/startup_stm32f411vetx.o
                0x0000000008000000                g_pfnVectors
                0x0000000008000198                . = ALIGN (0x4)

.text           0x0000000008000198     0x3508
                0x0000000008000198                . = ALIGN (0x4)
 *(.text)
 .text          0x0000000008000198       0x40 c:/st/stm32cubeide_1.10.1/stm32cubeide/plugins/com.st.stm32cube.ide.mcu.externaltools.gnu-tools-for-stm32.10.3-2021.10.win32_1.0.0.202111181127/tools/bin/../lib/gcc/arm-none-eabi/10.3.1/thumb/v7e-m+fp/hard/crtbegin.o
 .text          0x00000000080001d8      0x378 c:/st/stm32cubeide_1.10.1/stm32cubeide/plugins/com.st.stm32cube.ide.mcu.externaltools.gnu-tools-for-stm32.10.3-2021.10.win32_1.0.0.202111181127/tools/bin/../lib/gcc/arm-none-eabi/10.3.1/thumb/v7e-m+fp/hard\libgcc.a(_arm_addsubdf3.o)
                0x00000000080001d8                __aeabi_drsub
                0x00000000080001e0                __aeabi_dsub
                0x00000000080001e0                __subdf3
                0x00000000080001e4                __aeabi_dadd
                0x00000000080001e4                __adddf3
                0x000000000800045c                __floatunsidf
                0x000000000800045c                __aeabi_ui2d
                0x000000000800047c                __floatsidf
                0x000000000800047c                __aeabi_i2d
                0x00000000080004a0                __aeabi_f2d
                0x00000000080004a0                __extendsfdf2
                0x00000000080004e4                __floatundidf
                0x00000000080004e4                __aeabi_ul2d
                0x00000000080004f4                __floatdidf
                0x00000000080004f4                __aeabi_l2d
 .text          0x0000000008000550      0x424 c:/st/stm32cubeide_1.10.1/stm32cubeide/plugins/com.st.stm32cube.ide.mcu.externaltools.gnu-tools-for-stm32.10.3-2021.10.win32_1.0.0.202111181127/tools/bin/../lib/gcc/arm-none-eabi/10.3.1/thumb/v7e-m+fp/hard\libgcc.a(_arm_muldivdf3.o)
                0x0000000008000550                __aeabi_dmul
                0x0000000008000550                __muldf3
                0x00000000080007a4                __divdf3
                0x00000000080007a4                __aeabi_ddiv
 .text          0x0000000008000974       0x50 c:/st/stm32cubeide_1.10.1/stm32cubeide/plugins/com.st.stm32cube.ide.mcu.externaltools.gnu-tools-for-stm32.10.3-2021.10.win32_1.0.0.202111181127/tools/bin/../lib/gcc/arm-none-eabi/10.3.1/thumb/v7e-m+fp/hard\libgcc.a(_arm_fixdfsi.o)
                0x0000000008000974                __aeabi_d2iz
                0x0000000008000974                __fixdfsi
 .text          0x00000000080009c4       0x30 c:/st/stm32cubeide_1.10.1/stm32cubeide/plugins/com.st.stm32cube.ide.mcu.externaltools.gnu-tools-for-stm32.10.3-2021.10.win32_1.0.0.202111181127/tools/bin/../lib/gcc/arm-none-eabi/10.3.1/thumb/v7e-m+fp/hard\libgcc.a(_aeabi_uldivmod.o)
                0x00000000080009c4                __aeabi_uldivmod
 .text          0x00000000080009f4      0x2d0 c:/st/stm32cubeide_1.10.1/stm32cubeide/plugins/com.st.stm32cube.ide.mcu.externaltools.gnu-tools-for-stm32.10.3-2021.10.win32_1.0.0.202111181127/tools/bin/../lib/gcc/arm-none-eabi/10.3.1/thumb/v7e-m+fp/hard\libgcc.a(_udivmoddi4.o)
                0x00000000080009f4                __udivmoddi4
 .text          0x0000000008000cc4        0x4 c:/st/stm32cubeide_1.10.1/stm32cubeide/plugins/com.st.stm32cube.ide.mcu.externaltools.gnu-tools-for-stm32.10.3-2021.10.win32_1.0.0.202111181127/tools/bin/../lib/gcc/arm-none-eabi/10.3.1/thumb/v7e-m+fp/hard\libgcc.a(_dvmd_tls.o)
                0x0000000008000cc4                __aeabi_idiv0
                0x0000000008000cc4                __aeabi_ldiv0
 *(.text*)
 .text.SystemClock_Config
                0x0000000008000cc8       0xb8 ./Core/Src/main.o
                0x0000000008000cc8                SystemClock_Config
 .text.startup.main
                0x0000000008000d80      0x240 ./Core/Src/main.o
                0x0000000008000d80                main
 .text.Error_Handler
                0x0000000008000fc0        0x4 ./Core/Src/main.o
                0x0000000008000fc0                Error_Handler
 *fill*         0x0000000008000fc4        0x4 
 .text.update_settings
                0x0000000008000fc8       0xb0 ./Core/Src/processing.o
                0x0000000008000fc8                update_settings
 .text.HAL_ADC_ConvCpltCallback
                0x0000000008001078       0x24 ./Core/Src/processing.o
                0x0000000008001078                HAL_ADC_ConvCpltCallback
 .text.HAL_ADC_ConvHalfCpltCallback
                0x000000000800109c       0x24 ./Core/Src/processing.o
                0x000000000800109c                HAL_ADC_ConvHalfCpltCallback
 .text.process_DMA_buf
                0x00000000080010c0      0x194 ./Core/Src/processing.o
                0x00000000080010c0                process_DMA_buf
 .text.HAL_ADC_LevelOutOfWindowCallback
                0x0000000008001254       0xe0 ./Core/Src/processing.o
                0x0000000008001254                HAL_ADC_LevelOutOfWindowCallback
 .text.set_trigger_channel
                0x0000000008001334       0x1c ./Core/Src/processing.o
                0x0000000008001334                set_trigger_channel
 .text.set_trigger
                0x0000000008001350       0x78 ./Core/Src/processing.o
                0x0000000008001350                set_trigger
 .text.HAL_TIM_PeriodElapsedCallback
                0x00000000080013c8       0x78 ./Core/Src/processing.o
                0x00000000080013c8                HAL_TIM_PeriodElapsedCallback
 .text.HAL_SPI_TxRxCpltCallback
                0x0000000008001440       0x94 ./Core/Src/processing.o
                0x0000000008001440                HAL_SPI_TxRxCpltCallback
 .text.HAL_MspInit
                0x00000000080014d4       0x3c ./Core/Src/stm32f4xx_hal_msp.o
                0x00000000080014d4                HAL_MspInit
 .text.HAL_ADC_MspInit
                0x0000000008001510       0xb4 ./Core/Src/stm32f4xx_hal_msp.o
                0x0000000008001510                HAL_ADC_MspInit
 .text.HAL_SPI_MspInit
                0x00000000080015c4       0xb0 ./Core/Src/stm32f4xx_hal_msp.o
                0x00000000080015c4                HAL_SPI_MspInit
 .text.HAL_TIM_Base_MspInit
                0x0000000008001674       0x40 ./Core/Src/stm32f4xx_hal_msp.o
                0x0000000008001674                HAL_TIM_Base_MspInit
 .text.NMI_Handler
                0x00000000080016b4        0x4 ./Core/Src/stm32f4xx_it.o
                0x00000000080016b4                NMI_Handler
 .text.HardFault_Handler
                0x00000000080016b8        0x4 ./Core/Src/stm32f4xx_it.o
                0x00000000080016b8                HardFault_Handler
 .text.MemManage_Handler
                0x00000000080016bc        0x4 ./Core/Src/stm32f4xx_it.o
                0x00000000080016bc                MemManage_Handler
 .text.BusFault_Handler
                0x00000000080016c0        0x4 ./Core/Src/stm32f4xx_it.o
                0x00000000080016c0                BusFault_Handler
 .text.UsageFault_Handler
                0x00000000080016c4        0x4 ./Core/Src/stm32f4xx_it.o
                0x00000000080016c4                UsageFault_Handler
 .text.SVC_Handler
                0x00000000080016c8        0x4 ./Core/Src/stm32f4xx_it.o
                0x00000000080016c8                SVC_Handler
 .text.DebugMon_Handler
                0x00000000080016cc        0x4 ./Core/Src/stm32f4xx_it.o
                0x00000000080016cc                DebugMon_Handler
 .text.PendSV_Handler
                0x00000000080016d0        0x4 ./Core/Src/stm32f4xx_it.o
                0x00000000080016d0                PendSV_Handler
 .text.SysTick_Handler
                0x00000000080016d4        0x4 ./Core/Src/stm32f4xx_it.o
                0x00000000080016d4                SysTick_Handler
 .text.ADC_IRQHandler
                0x00000000080016d8        0xc ./Core/Src/stm32f4xx_it.o
                0x00000000080016d8                ADC_IRQHandler
 .text.TIM1_BRK_TIM9_IRQHandler
                0x00000000080016e4        0xc ./Core/Src/stm32f4xx_it.o
                0x00000000080016e4                TIM1_BRK_TIM9_IRQHandler
 .text.SPI1_IRQHandler
                0x00000000080016f0        0xc ./Core/Src/stm32f4xx_it.o
                0x00000000080016f0                SPI1_IRQHandler
 .text.DMA2_Stream0_IRQHandler
                0x00000000080016fc        0xc ./Core/Src/stm32f4xx_it.o
                0x00000000080016fc                DMA2_Stream0_IRQHandler
 .text.SystemInit
                0x0000000008001708       0x14 ./Core/Src/system_stm32f4xx.o
                0x0000000008001708                SystemInit
 .text.Reset_Handler
                0x000000000800171c       0x50 ./Core/Startup/startup_stm32f411vetx.o
                0x000000000800171c                Reset_Handler
 .text.Default_Handler
                0x000000000800176c        0x2 ./Core/Startup/startup_stm32f411vetx.o
                0x000000000800176c                RTC_Alarm_IRQHandler
                0x000000000800176c                EXTI2_IRQHandler
                0x000000000800176c                SPI4_IRQHandler
                0x000000000800176c                TIM1_CC_IRQHandler
                0x000000000800176c                DMA2_Stream5_IRQHandler
                0x000000000800176c                DMA1_Stream5_IRQHandler
                0x000000000800176c                PVD_IRQHandler
                0x000000000800176c                SDIO_IRQHandler
                0x000000000800176c                TAMP_STAMP_IRQHandler
                0x000000000800176c                EXTI3_IRQHandler
                0x000000000800176c                TIM1_UP_TIM10_IRQHandler
                0x000000000800176c                I2C3_ER_IRQHandler
                0x000000000800176c                EXTI0_IRQHandler
                0x000000000800176c                I2C2_EV_IRQHandler
                0x000000000800176c                DMA1_Stream2_IRQHandler
                0x000000000800176c                FPU_IRQHandler
                0x000000000800176c                DMA2_Stream2_IRQHandler
                0x000000000800176c                DMA2_Stream3_IRQHandler
                0x000000000800176c                USART6_IRQHandler
                0x000000000800176c                TIM4_IRQHandler
                0x000000000800176c                I2C1_EV_IRQHandler
                0x000000000800176c                DMA1_Stream6_IRQHandler
                0x000000000800176c                DMA1_Stream1_IRQHandler
                0x000000000800176c                TIM3_IRQHandler
                0x000000000800176c                RCC_IRQHandler
                0x000000000800176c                Default_Handler
                0x000000000800176c                EXTI15_10_IRQHandler
                0x000000000800176c                DMA1_Stream7_IRQHandler
                0x000000000800176c                SPI5_IRQHandler
                0x000000000800176c                TIM5_IRQHandler
                0x000000000800176c                DMA2_Stream7_IRQHandler
                0x000000000800176c                I2C3_EV_IRQHandler
                0x000000000800176c                EXTI9_5_IRQHandler
                0x000000000800176c                RTC_WKUP_IRQHandler
                0x000000000800176c                SPI2_IRQHandler
                0x000000000800176c                DMA1_Stream0_IRQHandler
                0x000000000800176c                EXTI4_IRQHandler
                0x000000000800176c                WWDG_IRQHandler
                0x000000000800176c                TIM2_IRQHandler
                0x000000000800176c                OTG_FS_WKUP_IRQHandler
                0x000000000800176c                TIM1_TRG_COM_TIM11_IRQHandler
                0x000000000800176c                EXTI1_IRQHandler
                0x000000000800176c                USART2_IRQHandler
                0x000000000800176c                I2C2_ER_IRQHandler
                0x000000000800176c                DMA2_Stream1_IRQHandler
                0x000000000800176c                FLASH_IRQHandler
                0x000000000800176c                DMA2_Stream4_IRQHandler
                0x000000000800176c                USART1_IRQHandler
                0x000000000800176c                OTG_FS_IRQHandler
                0x000000000800176c                SPI3_IRQHandler
                0x000000000800176c                DMA1_Stream4_IRQHandler
                0x000000000800176c                I2C1_ER_IRQHandler
                0x000000000800176c                DMA2_Stream6_IRQHandler
                0x000000000800176c                DMA1_Stream3_IRQHandler
 *fill*         0x000000000800176e        0x2 
 .text.HAL_InitTick
                0x0000000008001770       0x48 ./Drivers/STM32F4xx_HAL_Driver/Src/stm32f4xx_hal.o
                0x0000000008001770                HAL_InitTick
 .text.HAL_Init
                0x00000000080017b8       0x34 ./Drivers/STM32F4xx_HAL_Driver/Src/stm32f4xx_hal.o
                0x00000000080017b8                HAL_Init
 .text.HAL_IncTick
                0x00000000080017ec       0x18 ./Drivers/STM32F4xx_HAL_Driver/Src/stm32f4xx_hal.o
                0x00000000080017ec                HAL_IncTick
 .text.HAL_GetTick
                0x0000000008001804        0xc ./Drivers/STM32F4xx_HAL_Driver/Src/stm32f4xx_hal.o
                0x0000000008001804                HAL_GetTick
 .text.HAL_Delay
                0x0000000008001810       0x24 ./Drivers/STM32F4xx_HAL_Driver/Src/stm32f4xx_hal.o
                0x0000000008001810                HAL_Delay
 .text.HAL_ADC_Init
                0x0000000008001834      0x15c ./Drivers/STM32F4xx_HAL_Driver/Src/stm32f4xx_hal_adc.o
                0x0000000008001834                HAL_ADC_Init
 .text.HAL_ADC_Start_DMA
                0x0000000008001990      0x148 ./Drivers/STM32F4xx_HAL_Driver/Src/stm32f4xx_hal_adc.o
                0x0000000008001990                HAL_ADC_Start_DMA
 .text.ADC_DMAHalfConvCplt
                0x0000000008001ad8        0xc ./Drivers/STM32F4xx_HAL_Driver/Src/stm32f4xx_hal_adc.o
 .text.HAL_ADC_ErrorCallback
                0x0000000008001ae4        0x4 ./Drivers/STM32F4xx_HAL_Driver/Src/stm32f4xx_hal_adc.o
                0x0000000008001ae4                HAL_ADC_ErrorCallback
 .text.HAL_ADC_IRQHandler
                0x0000000008001ae8      0x120 ./Drivers/STM32F4xx_HAL_Driver/Src/stm32f4xx_hal_adc.o
                0x0000000008001ae8                HAL_ADC_IRQHandler
 .text.ADC_DMAError
                0x0000000008001c08       0x18 ./Drivers/STM32F4xx_HAL_Driver/Src/stm32f4xx_hal_adc.o
 .text.ADC_DMAConvCplt
                0x0000000008001c20       0x6c ./Drivers/STM32F4xx_HAL_Driver/Src/stm32f4xx_hal_adc.o
 .text.HAL_ADC_ConfigChannel
                0x0000000008001c8c      0x17c ./Drivers/STM32F4xx_HAL_Driver/Src/stm32f4xx_hal_adc.o
                0x0000000008001c8c                HAL_ADC_ConfigChannel
 .text.HAL_ADC_AnalogWDGConfig
                0x0000000008001e08       0x68 ./Drivers/STM32F4xx_HAL_Driver/Src/stm32f4xx_hal_adc.o
                0x0000000008001e08                HAL_ADC_AnalogWDGConfig
 .text.HAL_ADCEx_InjectedConvCpltCallback
                0x0000000008001e70        0x4 ./Drivers/STM32F4xx_HAL_Driver/Src/stm32f4xx_hal_adc_ex.o
                0x0000000008001e70                HAL_ADCEx_InjectedConvCpltCallback
 .text.HAL_NVIC_SetPriorityGrouping
                0x0000000008001e74       0x24 ./Drivers/STM32F4xx_HAL_Driver/Src/stm32f4xx_hal_cortex.o
                0x0000000008001e74                HAL_NVIC_SetPriorityGrouping
 .text.HAL_NVIC_SetPriority
                0x0000000008001e98       0x7c ./Drivers/STM32F4xx_HAL_Driver/Src/stm32f4xx_hal_cortex.o
                0x0000000008001e98                HAL_NVIC_SetPriority
 .text.HAL_NVIC_EnableIRQ
                0x0000000008001f14       0x1c ./Drivers/STM32F4xx_HAL_Driver/Src/stm32f4xx_hal_cortex.o
                0x0000000008001f14                HAL_NVIC_EnableIRQ
 .text.HAL_SYSTICK_Config
                0x0000000008001f30       0x34 ./Drivers/STM32F4xx_HAL_Driver/Src/stm32f4xx_hal_cortex.o
                0x0000000008001f30                HAL_SYSTICK_Config
 .text.HAL_DMA_Init
                0x0000000008001f64      0x130 ./Drivers/STM32F4xx_HAL_Driver/Src/stm32f4xx_hal_dma.o
                0x0000000008001f64                HAL_DMA_Init
 .text.HAL_DMA_Start_IT
                0x0000000008002094       0x80 ./Drivers/STM32F4xx_HAL_Driver/Src/stm32f4xx_hal_dma.o
                0x0000000008002094                HAL_DMA_Start_IT
 .text.HAL_DMA_Abort_IT
                0x0000000008002114       0x24 ./Drivers/STM32F4xx_HAL_Driver/Src/stm32f4xx_hal_dma.o
                0x0000000008002114                HAL_DMA_Abort_IT
 .text.HAL_DMA_IRQHandler
                0x0000000008002138      0x1e0 ./Drivers/STM32F4xx_HAL_Driver/Src/stm32f4xx_hal_dma.o
                0x0000000008002138                HAL_DMA_IRQHandler
 .text.HAL_GPIO_Init
                0x0000000008002318      0x1e4 ./Drivers/STM32F4xx_HAL_Driver/Src/stm32f4xx_hal_gpio.o
                0x0000000008002318                HAL_GPIO_Init
 .text.HAL_GPIO_WritePin
                0x00000000080024fc        0x8 ./Drivers/STM32F4xx_HAL_Driver/Src/stm32f4xx_hal_gpio.o
                0x00000000080024fc                HAL_GPIO_WritePin
 .text.HAL_RCC_OscConfig
                0x0000000008002504      0x3c8 ./Drivers/STM32F4xx_HAL_Driver/Src/stm32f4xx_hal_rcc.o
                0x0000000008002504                HAL_RCC_OscConfig
 .text.HAL_RCC_GetSysClockFreq
                0x00000000080028cc       0x68 ./Drivers/STM32F4xx_HAL_Driver/Src/stm32f4xx_hal_rcc.o
                0x00000000080028cc                HAL_RCC_GetSysClockFreq
 .text.HAL_RCC_ClockConfig
                0x0000000008002934      0x13c ./Drivers/STM32F4xx_HAL_Driver/Src/stm32f4xx_hal_rcc.o
                0x0000000008002934                HAL_RCC_ClockConfig
 .text.SPI_WaitFlagStateUntilTimeout.constprop.0
                0x0000000008002a70       0xc0 ./Drivers/STM32F4xx_HAL_Driver/Src/stm32f4xx_hal_spi.o
 .text.HAL_SPI_Init
                0x0000000008002b30       0xc4 ./Drivers/STM32F4xx_HAL_Driver/Src/stm32f4xx_hal_spi.o
                0x0000000008002b30                HAL_SPI_Init
 .text.HAL_SPI_TransmitReceive
                0x0000000008002bf4      0x294 ./Drivers/STM32F4xx_HAL_Driver/Src/stm32f4xx_hal_spi.o
                0x0000000008002bf4                HAL_SPI_TransmitReceive
 .text.HAL_SPI_TransmitReceive_IT
                0x0000000008002e88       0xdc ./Drivers/STM32F4xx_HAL_Driver/Src/stm32f4xx_hal_spi.o
                0x0000000008002e88                HAL_SPI_TransmitReceive_IT
 .text.HAL_SPI_RxCpltCallback
                0x0000000008002f64        0x4 ./Drivers/STM32F4xx_HAL_Driver/Src/stm32f4xx_hal_spi.o
                0x0000000008002f64                HAL_SPI_RxCpltCallback
 .text.HAL_SPI_ErrorCallback
                0x0000000008002f68        0x4 ./Drivers/STM32F4xx_HAL_Driver/Src/stm32f4xx_hal_spi.o
                0x0000000008002f68                HAL_SPI_ErrorCallback
 .text.SPI_CloseRxTx_ISR
                0x0000000008002f6c       0xec ./Drivers/STM32F4xx_HAL_Driver/Src/stm32f4xx_hal_spi.o
 .text.SPI_2linesTxISR_8BIT
                0x0000000008003058       0x34 ./Drivers/STM32F4xx_HAL_Driver/Src/stm32f4xx_hal_spi.o
 .text.SPI_2linesRxISR_8BIT
                0x000000000800308c       0x34 ./Drivers/STM32F4xx_HAL_Driver/Src/stm32f4xx_hal_spi.o
 .text.SPI_2linesTxISR_16BIT
                0x00000000080030c0       0x38 ./Drivers/STM32F4xx_HAL_Driver/Src/stm32f4xx_hal_spi.o
 .text.SPI_2linesRxISR_16BIT
                0x00000000080030f8       0x38 ./Drivers/STM32F4xx_HAL_Driver/Src/stm32f4xx_hal_spi.o
 .text.HAL_SPI_IRQHandler
                0x0000000008003130      0x138 ./Drivers/STM32F4xx_HAL_Driver/Src/stm32f4xx_hal_spi.o
                0x0000000008003130                HAL_SPI_IRQHandler
 .text.SPI_DMAAbortOnError
                0x0000000008003268       0x10 ./Drivers/STM32F4xx_HAL_Driver/Src/stm32f4xx_hal_spi.o
 .text.HAL_TIM_Base_Init
                0x0000000008003278       0xfc ./Drivers/STM32F4xx_HAL_Driver/Src/stm32f4xx_hal_tim.o
                0x0000000008003278                HAL_TIM_Base_Init
 .text.HAL_TIM_ConfigClockSource
                0x0000000008003374      0x160 ./Drivers/STM32F4xx_HAL_Driver/Src/stm32f4xx_hal_tim.o
                0x0000000008003374                HAL_TIM_ConfigClockSource
 .text.HAL_TIM_OC_DelayElapsedCallback
                0x00000000080034d4        0x4 ./Drivers/STM32F4xx_HAL_Driver/Src/stm32f4xx_hal_tim.o
                0x00000000080034d4                HAL_TIM_OC_DelayElapsedCallback
 .text.HAL_TIM_IC_CaptureCallback
                0x00000000080034d8        0x4 ./Drivers/STM32F4xx_HAL_Driver/Src/stm32f4xx_hal_tim.o
                0x00000000080034d8                HAL_TIM_IC_CaptureCallback
 .text.HAL_TIM_PWM_PulseFinishedCallback
                0x00000000080034dc        0x4 ./Drivers/STM32F4xx_HAL_Driver/Src/stm32f4xx_hal_tim.o
                0x00000000080034dc                HAL_TIM_PWM_PulseFinishedCallback
 .text.HAL_TIM_TriggerCallback
                0x00000000080034e0        0x4 ./Drivers/STM32F4xx_HAL_Driver/Src/stm32f4xx_hal_tim.o
                0x00000000080034e0                HAL_TIM_TriggerCallback
 .text.HAL_TIM_IRQHandler
                0x00000000080034e4      0x154 ./Drivers/STM32F4xx_HAL_Driver/Src/stm32f4xx_hal_tim.o
                0x00000000080034e4                HAL_TIM_IRQHandler
 .text.HAL_TIMEx_CommutCallback
                0x0000000008003638        0x4 ./Drivers/STM32F4xx_HAL_Driver/Src/stm32f4xx_hal_tim_ex.o
                0x0000000008003638                HAL_TIMEx_CommutCallback
 .text.HAL_TIMEx_BreakCallback
                0x000000000800363c        0x4 ./Drivers/STM32F4xx_HAL_Driver/Src/stm32f4xx_hal_tim_ex.o
                0x000000000800363c                HAL_TIMEx_BreakCallback
 .text.__libc_init_array
                0x0000000008003640       0x48 c:/st/stm32cubeide_1.10.1/stm32cubeide/plugins/com.st.stm32cube.ide.mcu.externaltools.gnu-tools-for-stm32.10.3-2021.10.win32_1.0.0.202111181127/tools/bin/../lib/gcc/arm-none-eabi/10.3.1/../../../../arm-none-eabi/lib/thumb/v7e-m+fp/hard\libc_nano.a(lib_a-init.o)
                0x0000000008003640                __libc_init_array
 *(.glue_7)
 .glue_7        0x0000000008003688        0x0 linker stubs
 *(.glue_7t)
 .glue_7t       0x0000000008003688        0x0 linker stubs
 *(.eh_frame)
 .eh_frame      0x0000000008003688        0x0 c:/st/stm32cubeide_1.10.1/stm32cubeide/plugins/com.st.stm32cube.ide.mcu.externaltools.gnu-tools-for-stm32.10.3-2021.10.win32_1.0.0.202111181127/tools/bin/../lib/gcc/arm-none-eabi/10.3.1/thumb/v7e-m+fp/hard/crtbegin.o
 *(.init)
 .init          0x0000000008003688        0x4 c:/st/stm32cubeide_1.10.1/stm32cubeide/plugins/com.st.stm32cube.ide.mcu.externaltools.gnu-tools-for-stm32.10.3-2021.10.win32_1.0.0.202111181127/tools/bin/../lib/gcc/arm-none-eabi/10.3.1/thumb/v7e-m+fp/hard/crti.o
                0x0000000008003688                _init
 .init          0x000000000800368c        0x8 c:/st/stm32cubeide_1.10.1/stm32cubeide/plugins/com.st.stm32cube.ide.mcu.externaltools.gnu-tools-for-stm32.10.3-2021.10.win32_1.0.0.202111181127/tools/bin/../lib/gcc/arm-none-eabi/10.3.1/thumb/v7e-m+fp/hard/crtn.o
 *(.fini)
 .fini          0x0000000008003694        0x4 c:/st/stm32cubeide_1.10.1/stm32cubeide/plugins/com.st.stm32cube.ide.mcu.externaltools.gnu-tools-for-stm32.10.3-2021.10.win32_1.0.0.202111181127/tools/bin/../lib/gcc/arm-none-eabi/10.3.1/thumb/v7e-m+fp/hard/crti.o
                0x0000000008003694                _fini
 .fini          0x0000000008003698        0x8 c:/st/stm32cubeide_1.10.1/stm32cubeide/plugins/com.st.stm32cube.ide.mcu.externaltools.gnu-tools-for-stm32.10.3-2021.10.win32_1.0.0.202111181127/tools/bin/../lib/gcc/arm-none-eabi/10.3.1/thumb/v7e-m+fp/hard/crtn.o
                0x00000000080036a0                . = ALIGN (0x4)
                0x00000000080036a0                _etext = .

.vfp11_veneer   0x00000000080036a0        0x0
 .vfp11_veneer  0x00000000080036a0        0x0 linker stubs

.v4_bx          0x00000000080036a0        0x0
 .v4_bx         0x00000000080036a0        0x0 linker stubs

.iplt           0x00000000080036a0        0x0
 .iplt          0x00000000080036a0        0x0 c:/st/stm32cubeide_1.10.1/stm32cubeide/plugins/com.st.stm32cube.ide.mcu.externaltools.gnu-tools-for-stm32.10.3-2021.10.win32_1.0.0.202111181127/tools/bin/../lib/gcc/arm-none-eabi/10.3.1/thumb/v7e-m+fp/hard/crtbegin.o

.rodata         0x00000000080036a0       0x54
                0x00000000080036a0                . = ALIGN (0x4)
 *(.rodata)
 *(.rodata*)
 .rodata.DESIMATION_FACTORS
                0x00000000080036a0       0x3c ./Core/Src/processing.o
                0x00000000080036a0                DESIMATION_FACTORS
 .rodata.AHBPrescTable
                0x00000000080036dc       0x10 ./Core/Src/system_stm32f4xx.o
                0x00000000080036dc                AHBPrescTable
 .rodata.flagBitshiftOffset.0
                0x00000000080036ec        0x8 ./Drivers/STM32F4xx_HAL_Driver/Src/stm32f4xx_hal_dma.o
                0x00000000080036f4                . = ALIGN (0x4)

.ARM.extab      0x00000000080036f4        0x0
                0x00000000080036f4                . = ALIGN (0x4)
 *(.ARM.extab* .gnu.linkonce.armextab.*)
                0x00000000080036f4                . = ALIGN (0x4)

.ARM            0x00000000080036f4        0x8
                0x00000000080036f4                . = ALIGN (0x4)
                0x00000000080036f4                __exidx_start = .
 *(.ARM.exidx*)
 .ARM.exidx     0x00000000080036f4        0x8 c:/st/stm32cubeide_1.10.1/stm32cubeide/plugins/com.st.stm32cube.ide.mcu.externaltools.gnu-tools-for-stm32.10.3-2021.10.win32_1.0.0.202111181127/tools/bin/../lib/gcc/arm-none-eabi/10.3.1/thumb/v7e-m+fp/hard\libgcc.a(_udivmoddi4.o)
                0x00000000080036fc                __exidx_end = .
                0x00000000080036fc                . = ALIGN (0x4)

.rel.dyn        0x00000000080036fc        0x0
 .rel.iplt      0x00000000080036fc        0x0 c:/st/stm32cubeide_1.10.1/stm32cubeide/plugins/com.st.stm32cube.ide.mcu.externaltools.gnu-tools-for-stm32.10.3-2021.10.win32_1.0.0.202111181127/tools/bin/../lib/gcc/arm-none-eabi/10.3.1/thumb/v7e-m+fp/hard/crtbegin.o

.preinit_array  0x00000000080036fc        0x0
                0x00000000080036fc                . = ALIGN (0x4)
                0x00000000080036fc                PROVIDE (__preinit_array_start = .)
 *(.preinit_array*)
                0x00000000080036fc                PROVIDE (__preinit_array_end = .)
                0x00000000080036fc                . = ALIGN (0x4)

.init_array     0x00000000080036fc        0x4
                0x00000000080036fc                . = ALIGN (0x4)
                0x00000000080036fc                PROVIDE (__init_array_start = .)
 *(SORT_BY_NAME(.init_array.*))
 *(.init_array*)
 .init_array    0x00000000080036fc        0x4 c:/st/stm32cubeide_1.10.1/stm32cubeide/plugins/com.st.stm32cube.ide.mcu.externaltools.gnu-tools-for-stm32.10.3-2021.10.win32_1.0.0.202111181127/tools/bin/../lib/gcc/arm-none-eabi/10.3.1/thumb/v7e-m+fp/hard/crtbegin.o
                0x0000000008003700                PROVIDE (__init_array_end = .)
                0x0000000008003700                . = ALIGN (0x4)

.fini_array     0x0000000008003700        0x4
                0x0000000008003700                . = ALIGN (0x4)
                [!provide]                        PROVIDE (__fini_array_start = .)
 *(SORT_BY_NAME(.fini_array.*))
 *(.fini_array*)
 .fini_array    0x0000000008003700        0x4 c:/st/stm32cubeide_1.10.1/stm32cubeide/plugins/com.st.stm32cube.ide.mcu.externaltools.gnu-tools-for-stm32.10.3-2021.10.win32_1.0.0.202111181127/tools/bin/../lib/gcc/arm-none-eabi/10.3.1/thumb/v7e-m+fp/hard/crtbegin.o
                [!provide]                        PROVIDE (__fini_array_end = .)
                0x0000000008003704                . = ALIGN (0x4)
                0x0000000008003704                _sidata = LOADADDR (.data)

.data           0x0000000020000000       0x18 load address 0x0000000008003704
                0x0000000020000000                . = ALIGN (0x4)
                0x0000000020000000                _sdata = .
 *(.data)
 *(.data*)
 .data.currentEdge.0
                0x0000000020000000        0x1 ./Core/Src/processing.o
 *fill*         0x0000000020000001        0x3 
 .data.currentSettings
                0x0000000020000004        0x5 ./Core/Src/processing.o
                0x0000000020000004                currentSettings
 *fill*         0x0000000020000009        0x3 
 .data.SystemCoreClock
                0x000000002000000c        0x4 ./Core/Src/system_stm32f4xx.o
                0x000000002000000c                SystemCoreClock
 .data.uwTickFreq
                0x0000000020000010        0x1 ./Drivers/STM32F4xx_HAL_Driver/Src/stm32f4xx_hal.o
                0x0000000020000010                uwTickFreq
 *fill*         0x0000000020000011        0x3 
 .data.uwTickPrio
                0x0000000020000014        0x4 ./Drivers/STM32F4xx_HAL_Driver/Src/stm32f4xx_hal.o
                0x0000000020000014                uwTickPrio
 *(.RamFunc)
 *(.RamFunc*)
                0x0000000020000018                . = ALIGN (0x4)
                0x0000000020000018                _edata = .

.igot.plt       0x0000000020000018        0x0 load address 0x000000000800371c
 .igot.plt      0x0000000020000018        0x0 c:/st/stm32cubeide_1.10.1/stm32cubeide/plugins/com.st.stm32cube.ide.mcu.externaltools.gnu-tools-for-stm32.10.3-2021.10.win32_1.0.0.202111181127/tools/bin/../lib/gcc/arm-none-eabi/10.3.1/thumb/v7e-m+fp/hard/crtbegin.o
                0x0000000020000018                . = ALIGN (0x4)

.bss            0x0000000020000018     0x1930 load address 0x000000000800371c
                0x0000000020000018                _sbss = .
                0x0000000020000018                __bss_start__ = _sbss
 *(.bss)
 .bss           0x0000000020000018       0x1c c:/st/stm32cubeide_1.10.1/stm32cubeide/plugins/com.st.stm32cube.ide.mcu.externaltools.gnu-tools-for-stm32.10.3-2021.10.win32_1.0.0.202111181127/tools/bin/../lib/gcc/arm-none-eabi/10.3.1/thumb/v7e-m+fp/hard/crtbegin.o
 *(.bss*)
 .bss.ADC_DMA_Buf
                0x0000000020000034      0x800 ./Core/Src/main.o
                0x0000000020000034                ADC_DMA_Buf
 *fill*         0x0000000020000834        0x4 
 .bss.hadc1     0x0000000020000838       0x48 ./Core/Src/main.o
                0x0000000020000838                hadc1
 .bss.hdma_adc1
                0x0000000020000880       0x60 ./Core/Src/main.o
                0x0000000020000880                hdma_adc1
 .bss.hspi1     0x00000000200008e0       0x58 ./Core/Src/main.o
                0x00000000200008e0                hspi1
 .bss.htim9     0x0000000020000938       0x48 ./Core/Src/main.o
                0x0000000020000938                htim9
 .bss.processReadyFlag
                0x0000000020000980        0x1 ./Core/Src/main.o
                0x0000000020000980                processReadyFlag
 *fill*         0x0000000020000981        0x3 
 .bss.decimationCounter.1
                0x0000000020000984        0x4 ./Core/Src/processing.o
 .bss.decimationFactor
                0x0000000020000988        0x4 ./Core/Src/processing.o
 .bss.processBuf
                0x000000002000098c        0x4 ./Core/Src/processing.o
 .bss.process_i
                0x0000000020000990        0x4 ./Core/Src/processing.o
 .bss.selectedEdge
                0x0000000020000994        0x1 ./Core/Src/processing.o
 *fill*         0x0000000020000995        0x3 
 .bss.spi_rx_buf
                0x0000000020000998      0x7d0 ./Core/Src/processing.o
 .bss.spi_tx_buf
                0x0000000020001168      0x7d0 ./Core/Src/processing.o
 .bss.spi_tx_i  0x0000000020001938        0x4 ./Core/Src/processing.o
 .bss.triggerActivated
                0x000000002000193c        0x1 ./Core/Src/processing.o
 *fill*         0x000000002000193d        0x3 
 .bss.triggerIndex
                0x0000000020001940        0x4 ./Core/Src/processing.o
 .bss.uwTick    0x0000000020001944        0x4 ./Drivers/STM32F4xx_HAL_Driver/Src/stm32f4xx_hal.o
                0x0000000020001944                uwTick
 *(COMMON)
                0x0000000020001948                . = ALIGN (0x4)
                0x0000000020001948                _ebss = .
                0x0000000020001948                __bss_end__ = _ebss

._user_heap_stack
                0x0000000020001948      0x600 load address 0x000000000800371c
                0x0000000020001948                . = ALIGN (0x8)
                [!provide]                        PROVIDE (end = .)
                0x0000000020001948                PROVIDE (_end = .)
                0x0000000020001b48                . = (. + _Min_Heap_Size)
 *fill*         0x0000000020001948      0x200 
                0x0000000020001f48                . = (. + _Min_Stack_Size)
 *fill*         0x0000000020001b48      0x400 
                0x0000000020001f48                . = ALIGN (0x8)

/DISCARD/
 libc.a(*)
 libm.a(*)
 libgcc.a(*)

.ARM.attributes
                0x0000000000000000       0x30
 *(.ARM.attributes)
 .ARM.attributes
                0x0000000000000000       0x1e c:/st/stm32cubeide_1.10.1/stm32cubeide/plugins/com.st.stm32cube.ide.mcu.externaltools.gnu-tools-for-stm32.10.3-2021.10.win32_1.0.0.202111181127/tools/bin/../lib/gcc/arm-none-eabi/10.3.1/thumb/v7e-m+fp/hard/crti.o
 .ARM.attributes
                0x000000000000001e       0x34 c:/st/stm32cubeide_1.10.1/stm32cubeide/plugins/com.st.stm32cube.ide.mcu.externaltools.gnu-tools-for-stm32.10.3-2021.10.win32_1.0.0.202111181127/tools/bin/../lib/gcc/arm-none-eabi/10.3.1/thumb/v7e-m+fp/hard/crtbegin.o
 .ARM.attributes
                0x0000000000000052       0x34 ./Core/Src/main.o
 .ARM.attributes
                0x0000000000000086       0x34 ./Core/Src/processing.o
 .ARM.attributes
                0x00000000000000ba       0x34 ./Core/Src/stm32f4xx_hal_msp.o
 .ARM.attributes
                0x00000000000000ee       0x34 ./Core/Src/stm32f4xx_it.o
 .ARM.attributes
                0x0000000000000122       0x34 ./Core/Src/system_stm32f4xx.o
 .ARM.attributes
                0x0000000000000156       0x21 ./Core/Startup/startup_stm32f411vetx.o
 .ARM.attributes
                0x0000000000000177       0x34 ./Drivers/STM32F4xx_HAL_Driver/Src/stm32f4xx_hal.o
 .ARM.attributes
                0x00000000000001ab       0x34 ./Drivers/STM32F4xx_HAL_Driver/Src/stm32f4xx_hal_adc.o
 .ARM.attributes
                0x00000000000001df       0x34 ./Drivers/STM32F4xx_HAL_Driver/Src/stm32f4xx_hal_adc_ex.o
 .ARM.attributes
                0x0000000000000213       0x34 ./Drivers/STM32F4xx_HAL_Driver/Src/stm32f4xx_hal_cortex.o
 .ARM.attributes
                0x0000000000000247       0x34 ./Drivers/STM32F4xx_HAL_Driver/Src/stm32f4xx_hal_dma.o
 .ARM.attributes
                0x000000000000027b       0x34 ./Drivers/STM32F4xx_HAL_Driver/Src/stm32f4xx_hal_gpio.o
 .ARM.attributes
                0x00000000000002af       0x34 ./Drivers/STM32F4xx_HAL_Driver/Src/stm32f4xx_hal_rcc.o
 .ARM.attributes
                0x00000000000002e3       0x34 ./Drivers/STM32F4xx_HAL_Driver/Src/stm32f4xx_hal_spi.o
 .ARM.attributes
                0x0000000000000317       0x34 ./Drivers/STM32F4xx_HAL_Driver/Src/stm32f4xx_hal_tim.o
 .ARM.attributes
                0x000000000000034b       0x34 ./Drivers/STM32F4xx_HAL_Driver/Src/stm32f4xx_hal_tim_ex.o
 .ARM.attributes
                0x000000000000037f       0x34 c:/st/stm32cubeide_1.10.1/stm32cubeide/plugins/com.st.stm32cube.ide.mcu.externaltools.gnu-tools-for-stm32.10.3-2021.10.win32_1.0.0.202111181127/tools/bin/../lib/gcc/arm-none-eabi/10.3.1/../../../../arm-none-eabi/lib/thumb/v7e-m+fp/hard\libc_nano.a(lib_a-init.o)
 .ARM.attributes
                0x00000000000003b3       0x1e c:/st/stm32cubeide_1.10.1/stm32cubeide/plugins/com.st.stm32cube.ide.mcu.externaltools.gnu-tools-for-stm32.10.3-2021.10.win32_1.0.0.202111181127/tools/bin/../lib/gcc/arm-none-eabi/10.3.1/thumb/v7e-m+fp/hard\libgcc.a(_arm_addsubdf3.o)
 .ARM.attributes
                0x00000000000003d1       0x1e c:/st/stm32cubeide_1.10.1/stm32cubeide/plugins/com.st.stm32cube.ide.mcu.externaltools.gnu-tools-for-stm32.10.3-2021.10.win32_1.0.0.202111181127/tools/bin/../lib/gcc/arm-none-eabi/10.3.1/thumb/v7e-m+fp/hard\libgcc.a(_arm_muldivdf3.o)
 .ARM.attributes
                0x00000000000003ef       0x1e c:/st/stm32cubeide_1.10.1/stm32cubeide/plugins/com.st.stm32cube.ide.mcu.externaltools.gnu-tools-for-stm32.10.3-2021.10.win32_1.0.0.202111181127/tools/bin/../lib/gcc/arm-none-eabi/10.3.1/thumb/v7e-m+fp/hard\libgcc.a(_arm_fixdfsi.o)
 .ARM.attributes
                0x000000000000040d       0x1e c:/st/stm32cubeide_1.10.1/stm32cubeide/plugins/com.st.stm32cube.ide.mcu.externaltools.gnu-tools-for-stm32.10.3-2021.10.win32_1.0.0.202111181127/tools/bin/../lib/gcc/arm-none-eabi/10.3.1/thumb/v7e-m+fp/hard\libgcc.a(_aeabi_uldivmod.o)
 .ARM.attributes
                0x000000000000042b       0x34 c:/st/stm32cubeide_1.10.1/stm32cubeide/plugins/com.st.stm32cube.ide.mcu.externaltools.gnu-tools-for-stm32.10.3-2021.10.win32_1.0.0.202111181127/tools/bin/../lib/gcc/arm-none-eabi/10.3.1/thumb/v7e-m+fp/hard\libgcc.a(_udivmoddi4.o)
 .ARM.attributes
                0x000000000000045f       0x1e c:/st/stm32cubeide_1.10.1/stm32cubeide/plugins/com.st.stm32cube.ide.mcu.externaltools.gnu-tools-for-stm32.10.3-2021.10.win32_1.0.0.202111181127/tools/bin/../lib/gcc/arm-none-eabi/10.3.1/thumb/v7e-m+fp/hard\libgcc.a(_dvmd_tls.o)
 .ARM.attributes
                0x000000000000047d       0x1e c:/st/stm32cubeide_1.10.1/stm32cubeide/plugins/com.st.stm32cube.ide.mcu.externaltools.gnu-tools-for-stm32.10.3-2021.10.win32_1.0.0.202111181127/tools/bin/../lib/gcc/arm-none-eabi/10.3.1/thumb/v7e-m+fp/hard/crtn.o
OUTPUT(STM32_ADC2_FFT.elf elf32-littlearm)
LOAD linker stubs
LOAD c:/st/stm32cubeide_1.10.1/stm32cubeide/plugins/com.st.stm32cube.ide.mcu.externaltools.gnu-tools-for-stm32.10.3-2021.10.win32_1.0.0.202111181127/tools/bin/../lib/gcc/arm-none-eabi/10.3.1/../../../../arm-none-eabi/lib/thumb/v7e-m+fp/hard\libc.a
LOAD c:/st/stm32cubeide_1.10.1/stm32cubeide/plugins/com.st.stm32cube.ide.mcu.externaltools.gnu-tools-for-stm32.10.3-2021.10.win32_1.0.0.202111181127/tools/bin/../lib/gcc/arm-none-eabi/10.3.1/../../../../arm-none-eabi/lib/thumb/v7e-m+fp/hard\libm.a
LOAD c:/st/stm32cubeide_1.10.1/stm32cubeide/plugins/com.st.stm32cube.ide.mcu.externaltools.gnu-tools-for-stm32.10.3-2021.10.win32_1.0.0.202111181127/tools/bin/../lib/gcc/arm-none-eabi/10.3.1/thumb/v7e-m+fp/hard\libgcc.a

.debug_info     0x0000000000000000    0x14201
 .debug_info    0x0000000000000000     0x1ba6 ./Core/Src/main.o
 .debug_info    0x0000000000001ba6     0x15a3 ./Core/Src/processing.o
 .debug_info    0x0000000000003149     0x14c8 ./Core/Src/stm32f4xx_hal_msp.o
 .debug_info    0x0000000000004611      0xd2b ./Core/Src/stm32f4xx_it.o
 .debug_info    0x000000000000533c      0x568 ./Core/Src/system_stm32f4xx.o
 .debug_info    0x00000000000058a4       0x22 ./Core/Startup/startup_stm32f411vetx.o
 .debug_info    0x00000000000058c6      0x9e1 ./Drivers/STM32F4xx_HAL_Driver/Src/stm32f4xx_hal.o
 .debug_info    0x00000000000062a7      0xef7 ./Drivers/STM32F4xx_HAL_Driver/Src/stm32f4xx_hal_adc.o
 .debug_info    0x000000000000719e      0xce4 ./Drivers/STM32F4xx_HAL_Driver/Src/stm32f4xx_hal_adc_ex.o
 .debug_info    0x0000000000007e82     0x1008 ./Drivers/STM32F4xx_HAL_Driver/Src/stm32f4xx_hal_cortex.o
 .debug_info    0x0000000000008e8a      0xb82 ./Drivers/STM32F4xx_HAL_Driver/Src/stm32f4xx_hal_dma.o
 .debug_info    0x0000000000009a0c      0x7da ./Drivers/STM32F4xx_HAL_Driver/Src/stm32f4xx_hal_gpio.o
 .debug_info    0x000000000000a1e6      0xbb9 ./Drivers/STM32F4xx_HAL_Driver/Src/stm32f4xx_hal_rcc.o
 .debug_info    0x000000000000ad9f     0x2718 ./Drivers/STM32F4xx_HAL_Driver/Src/stm32f4xx_hal_spi.o
 .debug_info    0x000000000000d4b7     0x508e ./Drivers/STM32F4xx_HAL_Driver/Src/stm32f4xx_hal_tim.o
 .debug_info    0x0000000000012545     0x1cbc ./Drivers/STM32F4xx_HAL_Driver/Src/stm32f4xx_hal_tim_ex.o

.debug_abbrev   0x0000000000000000     0x2abb
 .debug_abbrev  0x0000000000000000      0x33b ./Core/Src/main.o
 .debug_abbrev  0x000000000000033b      0x3ce ./Core/Src/processing.o
 .debug_abbrev  0x0000000000000709      0x283 ./Core/Src/stm32f4xx_hal_msp.o
 .debug_abbrev  0x000000000000098c      0x1d9 ./Core/Src/stm32f4xx_it.o
 .debug_abbrev  0x0000000000000b65      0x11c ./Core/Src/system_stm32f4xx.o
 .debug_abbrev  0x0000000000000c81       0x12 ./Core/Startup/startup_stm32f411vetx.o
 .debug_abbrev  0x0000000000000c93      0x2ba ./Drivers/STM32F4xx_HAL_Driver/Src/stm32f4xx_hal.o
 .debug_abbrev  0x0000000000000f4d      0x2a9 ./Drivers/STM32F4xx_HAL_Driver/Src/stm32f4xx_hal_adc.o
 .debug_abbrev  0x00000000000011f6      0x298 ./Drivers/STM32F4xx_HAL_Driver/Src/stm32f4xx_hal_adc_ex.o
 .debug_abbrev  0x000000000000148e      0x363 ./Drivers/STM32F4xx_HAL_Driver/Src/stm32f4xx_hal_cortex.o
 .debug_abbrev  0x00000000000017f1      0x2f3 ./Drivers/STM32F4xx_HAL_Driver/Src/stm32f4xx_hal_dma.o
 .debug_abbrev  0x0000000000001ae4      0x204 ./Drivers/STM32F4xx_HAL_Driver/Src/stm32f4xx_hal_gpio.o
 .debug_abbrev  0x0000000000001ce8      0x347 ./Drivers/STM32F4xx_HAL_Driver/Src/stm32f4xx_hal_rcc.o
 .debug_abbrev  0x000000000000202f      0x38e ./Drivers/STM32F4xx_HAL_Driver/Src/stm32f4xx_hal_spi.o
 .debug_abbrev  0x00000000000023bd      0x384 ./Drivers/STM32F4xx_HAL_Driver/Src/stm32f4xx_hal_tim.o
 .debug_abbrev  0x0000000000002741      0x37a ./Drivers/STM32F4xx_HAL_Driver/Src/stm32f4xx_hal_tim_ex.o

.debug_aranges  0x0000000000000000      0xad0
 .debug_aranges
                0x0000000000000000       0x30 ./Core/Src/main.o
 .debug_aranges
                0x0000000000000030       0x60 ./Core/Src/processing.o
 .debug_aranges
                0x0000000000000090       0x50 ./Core/Src/stm32f4xx_hal_msp.o
 .debug_aranges
                0x00000000000000e0       0x70 ./Core/Src/stm32f4xx_it.o
 .debug_aranges
                0x0000000000000150       0x28 ./Core/Src/system_stm32f4xx.o
 .debug_aranges
                0x0000000000000178       0x28 ./Core/Startup/startup_stm32f411vetx.o
 .debug_aranges
                0x00000000000001a0       0xe8 ./Drivers/STM32F4xx_HAL_Driver/Src/stm32f4xx_hal.o
 .debug_aranges
                0x0000000000000288       0xb8 ./Drivers/STM32F4xx_HAL_Driver/Src/stm32f4xx_hal_adc.o
 .debug_aranges
                0x0000000000000340       0x90 ./Drivers/STM32F4xx_HAL_Driver/Src/stm32f4xx_hal_adc_ex.o
 .debug_aranges
                0x00000000000003d0       0xa8 ./Drivers/STM32F4xx_HAL_Driver/Src/stm32f4xx_hal_cortex.o
 .debug_aranges
                0x0000000000000478       0x78 ./Drivers/STM32F4xx_HAL_Driver/Src/stm32f4xx_hal_dma.o
 .debug_aranges
                0x00000000000004f0       0x58 ./Drivers/STM32F4xx_HAL_Driver/Src/stm32f4xx_hal_gpio.o
 .debug_aranges
                0x0000000000000548       0x88 ./Drivers/STM32F4xx_HAL_Driver/Src/stm32f4xx_hal_rcc.o
 .debug_aranges
                0x00000000000005d0      0x178 ./Drivers/STM32F4xx_HAL_Driver/Src/stm32f4xx_hal_spi.o
 .debug_aranges
                0x0000000000000748      0x278 ./Drivers/STM32F4xx_HAL_Driver/Src/stm32f4xx_hal_tim.o
 .debug_aranges
                0x00000000000009c0      0x110 ./Drivers/STM32F4xx_HAL_Driver/Src/stm32f4xx_hal_tim_ex.o

.debug_ranges   0x0000000000000000     0x1ab0
 .debug_ranges  0x0000000000000000      0x280 ./Core/Src/main.o
 .debug_ranges  0x0000000000000280       0xb0 ./Core/Src/processing.o
 .debug_ranges  0x0000000000000330       0xd8 ./Core/Src/stm32f4xx_hal_msp.o
 .debug_ranges  0x0000000000000408       0x60 ./Core/Src/stm32f4xx_it.o
 .debug_ranges  0x0000000000000468       0x18 ./Core/Src/system_stm32f4xx.o
 .debug_ranges  0x0000000000000480       0x20 ./Core/Startup/startup_stm32f411vetx.o
 .debug_ranges  0x00000000000004a0       0xd8 ./Drivers/STM32F4xx_HAL_Driver/Src/stm32f4xx_hal.o
 .debug_ranges  0x0000000000000578       0xd8 ./Drivers/STM32F4xx_HAL_Driver/Src/stm32f4xx_hal_adc.o
 .debug_ranges  0x0000000000000650       0x80 ./Drivers/STM32F4xx_HAL_Driver/Src/stm32f4xx_hal_adc_ex.o
 .debug_ranges  0x00000000000006d0      0x190 ./Drivers/STM32F4xx_HAL_Driver/Src/stm32f4xx_hal_cortex.o
 .debug_ranges  0x0000000000000860       0xe8 ./Drivers/STM32F4xx_HAL_Driver/Src/stm32f4xx_hal_dma.o
 .debug_ranges  0x0000000000000948       0x60 ./Drivers/STM32F4xx_HAL_Driver/Src/stm32f4xx_hal_gpio.o
 .debug_ranges  0x00000000000009a8      0x148 ./Drivers/STM32F4xx_HAL_Driver/Src/stm32f4xx_hal_rcc.o
 .debug_ranges  0x0000000000000af0      0x5c8 ./Drivers/STM32F4xx_HAL_Driver/Src/stm32f4xx_hal_spi.o
 .debug_ranges  0x00000000000010b8      0x848 ./Drivers/STM32F4xx_HAL_Driver/Src/stm32f4xx_hal_tim.o
 .debug_ranges  0x0000000000001900      0x1b0 ./Drivers/STM32F4xx_HAL_Driver/Src/stm32f4xx_hal_tim_ex.o

.debug_macro    0x0000000000000000    0x18009
 .debug_macro   0x0000000000000000      0x3e5 ./Core/Src/main.o
 .debug_macro   0x00000000000003e5      0xa7e ./Core/Src/main.o
 .debug_macro   0x0000000000000e63      0x2a1 ./Core/Src/main.o
 .debug_macro   0x0000000000001104       0x2e ./Core/Src/main.o
 .debug_macro   0x0000000000001132       0x28 ./Core/Src/main.o
 .debug_macro   0x000000000000115a       0x22 ./Core/Src/main.o
 .debug_macro   0x000000000000117c       0x8e ./Core/Src/main.o
 .debug_macro   0x000000000000120a       0x51 ./Core/Src/main.o
 .debug_macro   0x000000000000125b      0x103 ./Core/Src/main.o
 .debug_macro   0x000000000000135e       0x6a ./Core/Src/main.o
 .debug_macro   0x00000000000013c8      0x1df ./Core/Src/main.o
 .debug_macro   0x00000000000015a7       0x1c ./Core/Src/main.o
 .debug_macro   0x00000000000015c3       0x22 ./Core/Src/main.o
 .debug_macro   0x00000000000015e5       0xd9 ./Core/Src/main.o
 .debug_macro   0x00000000000016be     0x102d ./Core/Src/main.o
 .debug_macro   0x00000000000026eb      0x11f ./Core/Src/main.o
 .debug_macro   0x000000000000280a     0xb953 ./Core/Src/main.o
 .debug_macro   0x000000000000e15d       0x6d ./Core/Src/main.o
 .debug_macro   0x000000000000e1ca     0x367e ./Core/Src/main.o
 .debug_macro   0x0000000000011848      0x174 ./Core/Src/main.o
 .debug_macro   0x00000000000119bc       0x5c ./Core/Src/main.o
 .debug_macro   0x0000000000011a18      0x447 ./Core/Src/main.o
 .debug_macro   0x0000000000011e5f      0x9fe ./Core/Src/main.o
 .debug_macro   0x000000000001285d      0x115 ./Core/Src/main.o
 .debug_macro   0x0000000000012972      0x11b ./Core/Src/main.o
 .debug_macro   0x0000000000012a8d       0xa5 ./Core/Src/main.o
 .debug_macro   0x0000000000012b32      0x15f ./Core/Src/main.o
 .debug_macro   0x0000000000012c91      0x287 ./Core/Src/main.o
 .debug_macro   0x0000000000012f18       0x5f ./Core/Src/main.o
 .debug_macro   0x0000000000012f77      0x236 ./Core/Src/main.o
 .debug_macro   0x00000000000131ad      0x9e1 ./Core/Src/main.o
 .debug_macro   0x0000000000013b8e      0x38b ./Core/Src/main.o
 .debug_macro   0x0000000000013f19      0x17d ./Core/Src/main.o
 .debug_macro   0x0000000000014096       0xf9 ./Core/Src/main.o
 .debug_macro   0x000000000001418f      0x132 ./Core/Src/main.o
 .debug_macro   0x00000000000142c1      0x264 ./Core/Src/main.o
 .debug_macro   0x0000000000014525       0x2e ./Core/Src/main.o
 .debug_macro   0x0000000000014553      0x11a ./Core/Src/main.o
 .debug_macro   0x000000000001466d       0x85 ./Core/Src/main.o
 .debug_macro   0x00000000000146f2       0x89 ./Core/Src/main.o
 .debug_macro   0x000000000001477b      0x225 ./Core/Src/main.o
 .debug_macro   0x00000000000149a0      0x8e6 ./Core/Src/main.o
 .debug_macro   0x0000000000015286       0x47 ./Core/Src/main.o
 .debug_macro   0x00000000000152cd      0x126 ./Core/Src/main.o
 .debug_macro   0x00000000000153f3       0x1c ./Core/Src/main.o
 .debug_macro   0x000000000001540f       0x52 ./Core/Src/main.o
 .debug_macro   0x0000000000015461       0x1e ./Core/Src/main.o
 .debug_macro   0x000000000001547f       0x3c ./Core/Src/main.o
 .debug_macro   0x00000000000154bb       0x34 ./Core/Src/main.o
 .debug_macro   0x00000000000154ef       0x16 ./Core/Src/main.o
 .debug_macro   0x0000000000015505       0x35 ./Core/Src/main.o
 .debug_macro   0x000000000001553a      0x341 ./Core/Src/main.o
 .debug_macro   0x000000000001587b       0x10 ./Core/Src/main.o
 .debug_macro   0x000000000001588b       0x16 ./Core/Src/main.o
 .debug_macro   0x00000000000158a1       0x43 ./Core/Src/main.o
 .debug_macro   0x00000000000158e4       0x34 ./Core/Src/main.o
 .debug_macro   0x0000000000015918       0x10 ./Core/Src/main.o
 .debug_macro   0x0000000000015928       0x58 ./Core/Src/main.o
 .debug_macro   0x0000000000015980       0x71 ./Core/Src/main.o
 .debug_macro   0x00000000000159f1       0x1c ./Core/Src/main.o
 .debug_macro   0x0000000000015a0d      0x12a ./Core/Src/main.o
 .debug_macro   0x0000000000015b37       0x10 ./Core/Src/main.o
 .debug_macro   0x0000000000015b47       0x1c ./Core/Src/main.o
 .debug_macro   0x0000000000015b63       0x52 ./Core/Src/main.o
 .debug_macro   0x0000000000015bb5       0x22 ./Core/Src/main.o
 .debug_macro   0x0000000000015bd7       0x10 ./Core/Src/main.o
 .debug_macro   0x0000000000015be7       0x52 ./Core/Src/main.o
 .debug_macro   0x0000000000015c39       0xd5 ./Core/Src/main.o
 .debug_macro   0x0000000000015d0e       0x1c ./Core/Src/main.o
 .debug_macro   0x0000000000015d2a       0x3d ./Core/Src/main.o
 .debug_macro   0x0000000000015d67       0x16 ./Core/Src/main.o
 .debug_macro   0x0000000000015d7d      0x145 ./Core/Src/main.o
 .debug_macro   0x0000000000015ec2       0x34 ./Core/Src/main.o
 .debug_macro   0x0000000000015ef6       0x10 ./Core/Src/main.o
 .debug_macro   0x0000000000015f06       0x12 ./Core/Src/main.o
 .debug_macro   0x0000000000015f18       0x12 ./Core/Src/main.o
 .debug_macro   0x0000000000015f2a       0x16 ./Core/Src/main.o
 .debug_macro   0x0000000000015f40       0x20 ./Core/Src/main.o
 .debug_macro   0x0000000000015f60      0x19b ./Core/Src/main.o
 .debug_macro   0x00000000000160fb       0xd6 ./Core/Src/main.o
 .debug_macro   0x00000000000161d1      0x3f1 ./Core/Src/processing.o
 .debug_macro   0x00000000000165c2      0x205 ./Core/Src/stm32f4xx_hal_msp.o
 .debug_macro   0x00000000000167c7      0x20f ./Core/Src/stm32f4xx_it.o
 .debug_macro   0x00000000000169d6      0x1f6 ./Core/Src/system_stm32f4xx.o
 .debug_macro   0x0000000000016bcc      0x256 ./Drivers/STM32F4xx_HAL_Driver/Src/stm32f4xx_hal.o
 .debug_macro   0x0000000000016e22      0x1f7 ./Drivers/STM32F4xx_HAL_Driver/Src/stm32f4xx_hal_adc.o
 .debug_macro   0x0000000000017019      0x1f6 ./Drivers/STM32F4xx_HAL_Driver/Src/stm32f4xx_hal_adc_ex.o
 .debug_macro   0x000000000001720f      0x1f6 ./Drivers/STM32F4xx_HAL_Driver/Src/stm32f4xx_hal_cortex.o
 .debug_macro   0x0000000000017405      0x1fc ./Drivers/STM32F4xx_HAL_Driver/Src/stm32f4xx_hal_dma.o
 .debug_macro   0x0000000000017601      0x1fc ./Drivers/STM32F4xx_HAL_Driver/Src/stm32f4xx_hal_gpio.o
 .debug_macro   0x00000000000177fd      0x21a ./Drivers/STM32F4xx_HAL_Driver/Src/stm32f4xx_hal_rcc.o
 .debug_macro   0x0000000000017a17      0x205 ./Drivers/STM32F4xx_HAL_Driver/Src/stm32f4xx_hal_spi.o
 .debug_macro   0x0000000000017c1c      0x1f7 ./Drivers/STM32F4xx_HAL_Driver/Src/stm32f4xx_hal_tim.o
 .debug_macro   0x0000000000017e13      0x1f6 ./Drivers/STM32F4xx_HAL_Driver/Src/stm32f4xx_hal_tim_ex.o

.debug_line     0x0000000000000000    0x1609f
 .debug_line    0x0000000000000000      0xe1e ./Core/Src/main.o
 .debug_line    0x0000000000000e1e     0x1048 ./Core/Src/processing.o
 .debug_line    0x0000000000001e66      0x944 ./Core/Src/stm32f4xx_hal_msp.o
 .debug_line    0x00000000000027aa      0x82b ./Core/Src/stm32f4xx_it.o
 .debug_line    0x0000000000002fd5      0x78b ./Core/Src/system_stm32f4xx.o
 .debug_line    0x0000000000003760       0x88 ./Core/Startup/startup_stm32f411vetx.o
 .debug_line    0x00000000000037e8      0xa94 ./Drivers/STM32F4xx_HAL_Driver/Src/stm32f4xx_hal.o
 .debug_line    0x000000000000427c     0x1695 ./Drivers/STM32F4xx_HAL_Driver/Src/stm32f4xx_hal_adc.o
 .debug_line    0x0000000000005911     0x1279 ./Drivers/STM32F4xx_HAL_Driver/Src/stm32f4xx_hal_adc_ex.o
 .debug_line    0x0000000000006b8a      0xd32 ./Drivers/STM32F4xx_HAL_Driver/Src/stm32f4xx_hal_cortex.o
 .debug_line    0x00000000000078bc     0x1461 ./Drivers/STM32F4xx_HAL_Driver/Src/stm32f4xx_hal_dma.o
 .debug_line    0x0000000000008d1d      0xcd5 ./Drivers/STM32F4xx_HAL_Driver/Src/stm32f4xx_hal_gpio.o
 .debug_line    0x00000000000099f2     0x10e9 ./Drivers/STM32F4xx_HAL_Driver/Src/stm32f4xx_hal_rcc.o
 .debug_line    0x000000000000aadb     0x3434 ./Drivers/STM32F4xx_HAL_Driver/Src/stm32f4xx_hal_spi.o
 .debug_line    0x000000000000df0f     0x6328 ./Drivers/STM32F4xx_HAL_Driver/Src/stm32f4xx_hal_tim.o
 .debug_line    0x0000000000014237     0x1e68 ./Drivers/STM32F4xx_HAL_Driver/Src/stm32f4xx_hal_tim_ex.o

.debug_str      0x0000000000000000    0x9a61c
 .debug_str     0x0000000000000000    0x97364 ./Core/Src/main.o
                                      0x9778f (size before relaxing)
 .debug_str     0x0000000000097364      0x3a6 ./Core/Src/processing.o
                                      0x972cb (size before relaxing)
 .debug_str     0x000000000009770a      0x103 ./Core/Src/stm32f4xx_hal_msp.o
                                      0x92801 (size before relaxing)
 .debug_str     0x000000000009780d      0x156 ./Core/Src/stm32f4xx_it.o
                                      0x922d2 (size before relaxing)
 .debug_str     0x0000000000097963       0xdb ./Core/Src/system_stm32f4xx.o
                                      0x91a32 (size before relaxing)
 .debug_str     0x0000000000097a3e       0x36 ./Core/Startup/startup_stm32f411vetx.o
                                         0x5e (size before relaxing)
 .debug_str     0x0000000000097a74      0x5e6 ./Drivers/STM32F4xx_HAL_Driver/Src/stm32f4xx_hal.o
                                      0x9245e (size before relaxing)
 .debug_str     0x000000000009805a      0x1e0 ./Drivers/STM32F4xx_HAL_Driver/Src/stm32f4xx_hal_adc.o
                                      0x9200d (size before relaxing)
 .debug_str     0x000000000009823a      0x2df ./Drivers/STM32F4xx_HAL_Driver/Src/stm32f4xx_hal_adc_ex.o
                                      0x92061 (size before relaxing)
 .debug_str     0x0000000000098519      0x326 ./Drivers/STM32F4xx_HAL_Driver/Src/stm32f4xx_hal_cortex.o
                                      0x9217f (size before relaxing)
 .debug_str     0x000000000009883f      0x2c7 ./Drivers/STM32F4xx_HAL_Driver/Src/stm32f4xx_hal_dma.o
                                      0x91e3a (size before relaxing)
 .debug_str     0x0000000000098b06      0x121 ./Drivers/STM32F4xx_HAL_Driver/Src/stm32f4xx_hal_gpio.o
                                      0x91bad (size before relaxing)
 .debug_str     0x0000000000098c27      0x244 ./Drivers/STM32F4xx_HAL_Driver/Src/stm32f4xx_hal_rcc.o
                                      0x91e77 (size before relaxing)
 .debug_str     0x0000000000098e6b      0x503 ./Drivers/STM32F4xx_HAL_Driver/Src/stm32f4xx_hal_spi.o
                                      0x922e4 (size before relaxing)
 .debug_str     0x000000000009936e      0xdab ./Drivers/STM32F4xx_HAL_Driver/Src/stm32f4xx_hal_tim.o
                                      0x92d9a (size before relaxing)
 .debug_str     0x000000000009a119      0x503 ./Drivers/STM32F4xx_HAL_Driver/Src/stm32f4xx_hal_tim_ex.o
                                      0x925b6 (size before relaxing)

.comment        0x0000000000000000       0x50
 .comment       0x0000000000000000       0x50 ./Core/Src/main.o
                                         0x51 (size before relaxing)
 .comment       0x0000000000000050       0x51 ./Core/Src/processing.o
 .comment       0x0000000000000050       0x51 ./Core/Src/stm32f4xx_hal_msp.o
 .comment       0x0000000000000050       0x51 ./Core/Src/stm32f4xx_it.o
 .comment       0x0000000000000050       0x51 ./Core/Src/system_stm32f4xx.o
 .comment       0x0000000000000050       0x51 ./Drivers/STM32F4xx_HAL_Driver/Src/stm32f4xx_hal.o
 .comment       0x0000000000000050       0x51 ./Drivers/STM32F4xx_HAL_Driver/Src/stm32f4xx_hal_adc.o
 .comment       0x0000000000000050       0x51 ./Drivers/STM32F4xx_HAL_Driver/Src/stm32f4xx_hal_adc_ex.o
 .comment       0x0000000000000050       0x51 ./Drivers/STM32F4xx_HAL_Driver/Src/stm32f4xx_hal_cortex.o
 .comment       0x0000000000000050       0x51 ./Drivers/STM32F4xx_HAL_Driver/Src/stm32f4xx_hal_dma.o
 .comment       0x0000000000000050       0x51 ./Drivers/STM32F4xx_HAL_Driver/Src/stm32f4xx_hal_gpio.o
 .comment       0x0000000000000050       0x51 ./Drivers/STM32F4xx_HAL_Driver/Src/stm32f4xx_hal_rcc.o
 .comment       0x0000000000000050       0x51 ./Drivers/STM32F4xx_HAL_Driver/Src/stm32f4xx_hal_spi.o
 .comment       0x0000000000000050       0x51 ./Drivers/STM32F4xx_HAL_Driver/Src/stm32f4xx_hal_tim.o
 .comment       0x0000000000000050       0x51 ./Drivers/STM32F4xx_HAL_Driver/Src/stm32f4xx_hal_tim_ex.o

.debug_frame    0x0000000000000000     0x26d0
 .debug_frame   0x0000000000000000       0x5c ./Core/Src/main.o
 .debug_frame   0x000000000000005c      0x100 ./Core/Src/processing.o
 .debug_frame   0x000000000000015c       0xe4 ./Core/Src/stm32f4xx_hal_msp.o
 .debug_frame   0x0000000000000240       0xe0 ./Core/Src/stm32f4xx_it.o
 .debug_frame   0x0000000000000320       0x30 ./Core/Src/system_stm32f4xx.o
 .debug_frame   0x0000000000000350      0x1f4 ./Drivers/STM32F4xx_HAL_Driver/Src/stm32f4xx_hal.o
 .debug_frame   0x0000000000000544      0x2e4 ./Drivers/STM32F4xx_HAL_Driver/Src/stm32f4xx_hal_adc.o
 .debug_frame   0x0000000000000828      0x1c4 ./Drivers/STM32F4xx_HAL_Driver/Src/stm32f4xx_hal_adc_ex.o
 .debug_frame   0x00000000000009ec      0x164 ./Drivers/STM32F4xx_HAL_Driver/Src/stm32f4xx_hal_cortex.o
 .debug_frame   0x0000000000000b50      0x1a0 ./Drivers/STM32F4xx_HAL_Driver/Src/stm32f4xx_hal_dma.o
 .debug_frame   0x0000000000000cf0       0xd8 ./Drivers/STM32F4xx_HAL_Driver/Src/stm32f4xx_hal_gpio.o
 .debug_frame   0x0000000000000dc8      0x18c ./Drivers/STM32F4xx_HAL_Driver/Src/stm32f4xx_hal_rcc.o
 .debug_frame   0x0000000000000f54      0x61c ./Drivers/STM32F4xx_HAL_Driver/Src/stm32f4xx_hal_spi.o
 .debug_frame   0x0000000000001570      0xb94 ./Drivers/STM32F4xx_HAL_Driver/Src/stm32f4xx_hal_tim.o
 .debug_frame   0x0000000000002104      0x420 ./Drivers/STM32F4xx_HAL_Driver/Src/stm32f4xx_hal_tim_ex.o
 .debug_frame   0x0000000000002524       0x2c c:/st/stm32cubeide_1.10.1/stm32cubeide/plugins/com.st.stm32cube.ide.mcu.externaltools.gnu-tools-for-stm32.10.3-2021.10.win32_1.0.0.202111181127/tools/bin/../lib/gcc/arm-none-eabi/10.3.1/../../../../arm-none-eabi/lib/thumb/v7e-m+fp/hard\libc_nano.a(lib_a-init.o)
 .debug_frame   0x0000000000002550       0xac c:/st/stm32cubeide_1.10.1/stm32cubeide/plugins/com.st.stm32cube.ide.mcu.externaltools.gnu-tools-for-stm32.10.3-2021.10.win32_1.0.0.202111181127/tools/bin/../lib/gcc/arm-none-eabi/10.3.1/thumb/v7e-m+fp/hard\libgcc.a(_arm_addsubdf3.o)
 .debug_frame   0x00000000000025fc       0x50 c:/st/stm32cubeide_1.10.1/stm32cubeide/plugins/com.st.stm32cube.ide.mcu.externaltools.gnu-tools-for-stm32.10.3-2021.10.win32_1.0.0.202111181127/tools/bin/../lib/gcc/arm-none-eabi/10.3.1/thumb/v7e-m+fp/hard\libgcc.a(_arm_muldivdf3.o)
 .debug_frame   0x000000000000264c       0x24 c:/st/stm32cubeide_1.10.1/stm32cubeide/plugins/com.st.stm32cube.ide.mcu.externaltools.gnu-tools-for-stm32.10.3-2021.10.win32_1.0.0.202111181127/tools/bin/../lib/gcc/arm-none-eabi/10.3.1/thumb/v7e-m+fp/hard\libgcc.a(_arm_fixdfsi.o)
 .debug_frame   0x0000000000002670       0x2c c:/st/stm32cubeide_1.10.1/stm32cubeide/plugins/com.st.stm32cube.ide.mcu.externaltools.gnu-tools-for-stm32.10.3-2021.10.win32_1.0.0.202111181127/tools/bin/../lib/gcc/arm-none-eabi/10.3.1/thumb/v7e-m+fp/hard\libgcc.a(_aeabi_uldivmod.o)
 .debug_frame   0x000000000000269c       0x34 c:/st/stm32cubeide_1.10.1/stm32cubeide/plugins/com.st.stm32cube.ide.mcu.externaltools.gnu-tools-for-stm32.10.3-2021.10.win32_1.0.0.202111181127/tools/bin/../lib/gcc/arm-none-eabi/10.3.1/thumb/v7e-m+fp/hard\libgcc.a(_udivmoddi4.o)

.debug_loc      0x0000000000000000     0xf1f3
 .debug_loc     0x0000000000000000      0x3fa ./Core/Src/processing.o
 .debug_loc     0x00000000000003fa       0xe8 ./Core/Src/stm32f4xx_hal_msp.o
 .debug_loc     0x00000000000004e2      0x118 ./Core/Src/system_stm32f4xx.o
 .debug_loc     0x00000000000005fa      0x168 ./Drivers/STM32F4xx_HAL_Driver/Src/stm32f4xx_hal.o
 .debug_loc     0x0000000000000762      0xae8 ./Drivers/STM32F4xx_HAL_Driver/Src/stm32f4xx_hal_adc.o
 .debug_loc     0x000000000000124a      0x99f ./Drivers/STM32F4xx_HAL_Driver/Src/stm32f4xx_hal_adc_ex.o
 .debug_loc     0x0000000000001be9      0x783 ./Drivers/STM32F4xx_HAL_Driver/Src/stm32f4xx_hal_cortex.o
 .debug_loc     0x000000000000236c      0xaea ./Drivers/STM32F4xx_HAL_Driver/Src/stm32f4xx_hal_dma.o
 .debug_loc     0x0000000000002e56      0x50c ./Drivers/STM32F4xx_HAL_Driver/Src/stm32f4xx_hal_gpio.o
 .debug_loc     0x0000000000003362      0x516 ./Drivers/STM32F4xx_HAL_Driver/Src/stm32f4xx_hal_rcc.o
 .debug_loc     0x0000000000003878     0x29a3 ./Drivers/STM32F4xx_HAL_Driver/Src/stm32f4xx_hal_spi.o
 .debug_loc     0x000000000000621b     0x761d ./Drivers/STM32F4xx_HAL_Driver/Src/stm32f4xx_hal_tim.o
 .debug_loc     0x000000000000d838     0x19bb ./Drivers/STM32F4xx_HAL_Driver/Src/stm32f4xx_hal_tim_ex.o
